[2026-03-17T06:54:31.120Z] [PRINTER WORKER] 💓 Heartbeat #1
[2026-03-17T06:54:31.424Z] [PRINTER WORKER] 🚀 STARTING FABRICATION: ITEM[cmk0noy7p0018rctscyde489p] | PROMPT: {} Void Crystal,  material, Glowing with dark ener...
[2026-03-17T06:58:41.946Z] [PRINTER WORKER] 💓 Heartbeat #2
[2026-03-17T06:58:42.030Z] [PRINTER WORKER] 🚀 STARTING FABRICATION: ITEM[cmk29vowt002qrcf4dpxh9rkf] | PROMPT: {} Void Crystal,  material, Glowing with dark ener...
[2026-03-17T06:59:57.987Z] [PRINTER WORKER] 💓 Heartbeat #3
[2026-03-17T06:59:58.069Z] [PRINTER WORKER] 🚀 STARTING FABRICATION: ITEM[cmmu7z7mc0031rcc0b58h8xkk] | PROMPT: {} Void Crystal,  material, Glowing with dark ener...
[2026-03-17T07:05:08.571Z] [PRINTER WORKER] 💓 Heartbeat #4
[2026-03-17T07:05:08.700Z] [PRINTER WORKER] 🚀 STARTING FABRICATION: CHARACTER[cmjw042d30002rchkn02kh0wb] | PROMPT: Ervin, the android. A specialized operative of the...
[2026-03-17T07:07:19.134Z] [PRINTER WORKER] 💓 Heartbeat #5
[2026-03-17T07:07:19.215Z] [PRINTER WORKER] 🚀 STARTING FABRICATION: CHARACTER[cmk4psnoi000hrcdsxck2b4x4] | PROMPT: Aura Glitcn, the marine. A specialized operative o...
[2026-03-17T07:08:59.294Z] [PRINTER WORKER] 💓 Heartbeat #6
[2026-03-17T07:08:59.386Z] [PRINTER WORKER] 🚀 STARTING FABRICATION: ITEM[cmmu9hjn7004nrcc0m3ztzk3k] | PROMPT: Void-touched, Pristine, Neon Pink finish, Epic pri...
[2026-03-17T07:11:39.515Z] [PRINTER WORKER] 💓 Heartbeat #7
[2026-03-17T07:11:44.518Z] [PRINTER WORKER] 💓 Heartbeat #8
[2026-03-17T07:11:49.527Z] [PRINTER WORKER] 💓 Heartbeat #9
[2026-03-17T07:11:54.533Z] [PRINTER WORKER] 💓 Heartbeat #10
[2026-03-17T07:11:59.540Z] [PRINTER WORKER] 💓 Heartbeat #11
[2026-03-17T07:12:04.546Z] [PRINTER WORKER] 💓 Heartbeat #12
[2026-03-17T07:12:09.557Z] [PRINTER WORKER] 💓 Heartbeat #13
[2026-03-17T07:12:14.560Z] [PRINTER WORKER] 💓 Heartbeat #14
[2026-03-17T07:12:19.568Z] [PRINTER WORKER] 💓 Heartbeat #15
[2026-03-17T07:12:24.572Z] [PRINTER WORKER] 💓 Heartbeat #16
[2026-03-17T07:12:29.579Z] [PRINTER WORKER] 💓 Heartbeat #17
[2026-03-17T07:12:30.721Z] [PRINTER WORKER] 🚀 STARTING FABRICATION: ITEM[cmmu9ytml0052rcc03boqm5ub] | PROMPT: Rusty, Corroded, Plasma Blue finish, Common print ...
[2026-03-17T07:15:14.929Z] [PRINTER WORKER] 💓 Heartbeat #18
[2026-03-17T07:15:19.940Z] [PRINTER WORKER] 💓 Heartbeat #19
[2026-03-17T07:15:24.952Z] [PRINTER WORKER] 💓 Heartbeat #20
[2026-03-17T07:15:29.961Z] [PRINTER WORKER] 💓 Heartbeat #21
[2026-03-17T07:15:34.969Z] [PRINTER WORKER] 💓 Heartbeat #22
[2026-03-17T07:15:39.970Z] [PRINTER WORKER] 💓 Heartbeat #23
[2026-03-17T07:15:44.976Z] [PRINTER WORKER] 💓 Heartbeat #24
[2026-03-17T07:15:49.989Z] [PRINTER WORKER] 💓 Heartbeat #25
[2026-03-17T07:15:55.003Z] [PRINTER WORKER] 💓 Heartbeat #26
[2026-03-17T07:16:00.015Z] [PRINTER WORKER] 💓 Heartbeat #27
[2026-03-17T07:16:05.022Z] [PRINTER WORKER] 💓 Heartbeat #28
[2026-03-17T07:16:10.031Z] [PRINTER WORKER] 💓 Heartbeat #29
[2026-03-17T07:16:15.043Z] [PRINTER WORKER] 💓 Heartbeat #30
[2026-03-17T07:16:20.055Z] [PRINTER WORKER] 💓 Heartbeat #31
[2026-03-17T07:16:25.067Z] [PRINTER WORKER] 💓 Heartbeat #32
[2026-03-17T07:16:30.069Z] [PRINTER WORKER] 💓 Heartbeat #33
[2026-03-17T07:16:35.083Z] [PRINTER WORKER] 💓 Heartbeat #34
[2026-03-17T07:16:40.098Z] [PRINTER WORKER] 💓 Heartbeat #35
[2026-03-17T07:16:45.106Z] [PRINTER WORKER] 💓 Heartbeat #36
[2026-03-17T07:16:50.110Z] [PRINTER WORKER] 💓 Heartbeat #37
[2026-03-17T07:16:55.128Z] [PRINTER WORKER] 💓 Heartbeat #38
[2026-03-17T07:17:00.142Z] [PRINTER WORKER] 💓 Heartbeat #39
[2026-03-17T07:17:05.148Z] [PRINTER WORKER] 💓 Heartbeat #40
[2026-03-17T07:17:10.150Z] [PRINTER WORKER] 💓 Heartbeat #41
[2026-03-17T07:17:15.163Z] [PRINTER WORKER] 💓 Heartbeat #42
[2026-03-17T07:17:20.167Z] [PRINTER WORKER] 💓 Heartbeat #43
[2026-03-17T07:17:25.169Z] [PRINTER WORKER] 💓 Heartbeat #44
[2026-03-17T07:17:30.171Z] [PRINTER WORKER] 💓 Heartbeat #45
[2026-03-17T07:17:35.172Z] [PRINTER WORKER] 💓 Heartbeat #46
[2026-03-17T07:17:40.180Z] [PRINTER WORKER] 💓 Heartbeat #47
[2026-03-17T07:17:45.189Z] [PRINTER WORKER] 💓 Heartbeat #48
[2026-03-17T07:17:50.199Z] [PRINTER WORKER] 💓 Heartbeat #49
[2026-03-17T07:17:55.211Z] [PRINTER WORKER] 💓 Heartbeat #50
[2026-03-17T07:18:00.213Z] [PRINTER WORKER] 💓 Heartbeat #51
[2026-03-17T07:18:05.222Z] [PRINTER WORKER] 💓 Heartbeat #52
[2026-03-17T07:18:10.224Z] [PRINTER WORKER] 💓 Heartbeat #53
[2026-03-17T07:18:15.239Z] [PRINTER WORKER] 💓 Heartbeat #54
[2026-03-17T07:18:20.241Z] [PRINTER WORKER] 💓 Heartbeat #55
[2026-03-17T07:18:25.244Z] [PRINTER WORKER] 💓 Heartbeat #56
[2026-03-17T07:18:30.248Z] [PRINTER WORKER] 💓 Heartbeat #57
[2026-03-17T07:18:35.259Z] [PRINTER WORKER] 💓 Heartbeat #58
[2026-03-17T07:18:40.264Z] [PRINTER WORKER] 💓 Heartbeat #59
[2026-03-17T07:18:45.274Z] [PRINTER WORKER] 💓 Heartbeat #60
[2026-03-17T07:18:50.279Z] [PRINTER WORKER] 💓 Heartbeat #61
[2026-03-17T07:18:55.288Z] [PRINTER WORKER] 💓 Heartbeat #62
[2026-03-17T07:19:00.302Z] [PRINTER WORKER] 💓 Heartbeat #63
[2026-03-17T07:19:05.313Z] [PRINTER WORKER] 💓 Heartbeat #64
[2026-03-17T07:19:10.315Z] [PRINTER WORKER] 💓 Heartbeat #65
[2026-03-17T07:19:15.316Z] [PRINTER WORKER] 💓 Heartbeat #66
[2026-03-17T07:19:16.604Z] [PRINTER WORKER] 🚀 STARTING FABRICATION: ITEM[cmmua7ifk005hrcc01mm9im5c] | PROMPT: Rusty, Glitching, Laser Red finish, Rare print Med...
[2026-03-17T07:22:25.576Z] [PRINTER WORKER] 💓 Heartbeat #67
[2026-03-17T07:22:30.583Z] [PRINTER WORKER] 💓 Heartbeat #68
[2026-03-17T07:22:35.595Z] [PRINTER WORKER] 💓 Heartbeat #69
[2026-03-17T07:22:40.608Z] [PRINTER WORKER] 💓 Heartbeat #70
[2026-03-17T07:22:45.614Z] [PRINTER WORKER] 💓 Heartbeat #71
[2026-03-17T07:22:50.614Z] [PRINTER WORKER] 💓 Heartbeat #72
[2026-03-17T07:22:55.615Z] [PRINTER WORKER] 💓 Heartbeat #73
[2026-03-17T07:23:00.623Z] [PRINTER WORKER] 💓 Heartbeat #74
[2026-03-17T07:23:05.629Z] [PRINTER WORKER] 💓 Heartbeat #75
[2026-03-17T07:23:10.632Z] [PRINTER WORKER] 💓 Heartbeat #76
[2026-03-17T07:23:15.632Z] [PRINTER WORKER] 💓 Heartbeat #77
[2026-03-17T07:23:20.634Z] [PRINTER WORKER] 💓 Heartbeat #78
[2026-03-17T07:23:25.644Z] [PRINTER WORKER] 💓 Heartbeat #79
[2026-03-17T07:23:30.644Z] [PRINTER WORKER] 💓 Heartbeat #80
[2026-03-17T07:23:35.644Z] [PRINTER WORKER] 💓 Heartbeat #81
[2026-03-17T07:23:40.653Z] [PRINTER WORKER] 💓 Heartbeat #82
[2026-03-17T07:23:45.662Z] [PRINTER WORKER] 💓 Heartbeat #83
[2026-03-17T07:23:50.667Z] [PRINTER WORKER] 💓 Heartbeat #84
[2026-03-17T07:23:55.668Z] [PRINTER WORKER] 💓 Heartbeat #85
[2026-03-17T07:24:00.682Z] [PRINTER WORKER] 💓 Heartbeat #86
[2026-03-17T07:24:05.685Z] [PRINTER WORKER] 💓 Heartbeat #87
[2026-03-17T07:24:10.693Z] [PRINTER WORKER] 💓 Heartbeat #88
[2026-03-17T07:24:15.702Z] [PRINTER WORKER] 💓 Heartbeat #89
[2026-03-17T07:24:20.713Z] [PRINTER WORKER] 💓 Heartbeat #90
[2026-03-17T07:24:25.720Z] [PRINTER WORKER] 💓 Heartbeat #91
[2026-03-17T07:24:30.722Z] [PRINTER WORKER] 💓 Heartbeat #92
[2026-03-17T07:24:35.722Z] [PRINTER WORKER] 💓 Heartbeat #93
[2026-03-17T07:24:40.725Z] [PRINTER WORKER] 💓 Heartbeat #94
[2026-03-17T07:24:45.729Z] [PRINTER WORKER] 💓 Heartbeat #95
[2026-03-17T07:24:50.744Z] [PRINTER WORKER] 💓 Heartbeat #96
[2026-03-17T07:24:55.752Z] [PRINTER WORKER] 💓 Heartbeat #97
[2026-03-17T07:25:00.757Z] [PRINTER WORKER] 💓 Heartbeat #98
[2026-03-17T07:25:05.763Z] [PRINTER WORKER] 💓 Heartbeat #99
[2026-03-17T07:25:10.778Z] [PRINTER WORKER] 💓 Heartbeat #100
[2026-03-17T07:25:15.790Z] [PRINTER WORKER] 💓 Heartbeat #101
[2026-03-17T07:25:20.804Z] [PRINTER WORKER] 💓 Heartbeat #102
[2026-03-17T07:25:25.806Z] [PRINTER WORKER] 💓 Heartbeat #103
[2026-03-17T07:25:30.812Z] [PRINTER WORKER] 💓 Heartbeat #104
[2026-03-17T07:25:35.816Z] [PRINTER WORKER] 💓 Heartbeat #105
[2026-03-17T07:25:40.821Z] [PRINTER WORKER] 💓 Heartbeat #106
[2026-03-17T07:25:45.823Z] [PRINTER WORKER] 💓 Heartbeat #107
[2026-03-17T07:25:50.831Z] [PRINTER WORKER] 💓 Heartbeat #108
[2026-03-17T07:25:55.837Z] [PRINTER WORKER] 💓 Heartbeat #109
[2026-03-17T07:26:00.845Z] [PRINTER WORKER] 💓 Heartbeat #110
[2026-03-17T07:26:05.854Z] [PRINTER WORKER] 💓 Heartbeat #111
[2026-03-17T07:26:10.862Z] [PRINTER WORKER] 💓 Heartbeat #112
[2026-03-17T07:26:15.862Z] [PRINTER WORKER] 💓 Heartbeat #113
[2026-03-17T07:26:20.867Z] [PRINTER WORKER] 💓 Heartbeat #114
[2026-03-17T07:26:25.876Z] [PRINTER WORKER] 💓 Heartbeat #115
[2026-03-17T07:26:31.118Z] [PRINTER WORKER] 💓 Heartbeat #116
[2026-03-17T07:26:36.123Z] [PRINTER WORKER] 💓 Heartbeat #117
[2026-03-17T07:26:41.128Z] [PRINTER WORKER] 💓 Heartbeat #118
[2026-03-17T07:26:46.133Z] [PRINTER WORKER] 💓 Heartbeat #119
[2026-03-17T07:26:51.135Z] [PRINTER WORKER] 💓 Heartbeat #120
[2026-03-17T07:26:56.135Z] [PRINTER WORKER] 💓 Heartbeat #121
[2026-03-17T07:27:01.139Z] [PRINTER WORKER] 💓 Heartbeat #122
[2026-03-17T07:27:06.147Z] [PRINTER WORKER] 💓 Heartbeat #123
[2026-03-17T07:27:11.151Z] [PRINTER WORKER] 💓 Heartbeat #124
[2026-03-17T07:27:16.153Z] [PRINTER WORKER] 💓 Heartbeat #125
[2026-03-17T07:27:21.157Z] [PRINTER WORKER] 💓 Heartbeat #126
[2026-03-17T07:27:26.172Z] [PRINTER WORKER] 💓 Heartbeat #127
[2026-03-17T07:27:31.179Z] [PRINTER WORKER] 💓 Heartbeat #128
[2026-03-17T07:27:36.193Z] [PRINTER WORKER] 💓 Heartbeat #129
[2026-03-17T07:27:41.193Z] [PRINTER WORKER] 💓 Heartbeat #130
[2026-03-17T07:27:46.203Z] [PRINTER WORKER] 💓 Heartbeat #131
[2026-03-17T07:27:51.207Z] [PRINTER WORKER] 💓 Heartbeat #132
[2026-03-17T07:27:56.209Z] [PRINTER WORKER] 💓 Heartbeat #133
[2026-03-17T07:28:01.213Z] [PRINTER WORKER] 💓 Heartbeat #134
[2026-03-17T07:28:06.221Z] [PRINTER WORKER] 💓 Heartbeat #135
[2026-03-17T07:28:11.224Z] [PRINTER WORKER] 💓 Heartbeat #136
[2026-03-17T07:28:16.236Z] [PRINTER WORKER] 💓 Heartbeat #137
[2026-03-17T07:28:21.248Z] [PRINTER WORKER] 💓 Heartbeat #138
[2026-03-17T07:28:26.253Z] [PRINTER WORKER] 💓 Heartbeat #139
[2026-03-17T07:28:31.263Z] [PRINTER WORKER] 💓 Heartbeat #140
[2026-03-17T07:28:36.269Z] [PRINTER WORKER] 💓 Heartbeat #141
[2026-03-17T07:28:41.280Z] [PRINTER WORKER] 💓 Heartbeat #142
[2026-03-17T07:28:46.287Z] [PRINTER WORKER] 💓 Heartbeat #143
[2026-03-17T07:28:51.298Z] [PRINTER WORKER] 💓 Heartbeat #144
[2026-03-17T07:28:56.312Z] [PRINTER WORKER] 💓 Heartbeat #145
[2026-03-17T07:29:01.323Z] [PRINTER WORKER] 💓 Heartbeat #146
[2026-03-17T07:29:06.338Z] [PRINTER WORKER] 💓 Heartbeat #147
[2026-03-17T07:29:11.353Z] [PRINTER WORKER] 💓 Heartbeat #148
[2026-03-17T07:29:16.365Z] [PRINTER WORKER] 💓 Heartbeat #149
[2026-03-17T07:29:21.370Z] [PRINTER WORKER] 💓 Heartbeat #150
[2026-03-17T07:29:26.374Z] [PRINTER WORKER] 💓 Heartbeat #151
[2026-03-17T07:29:31.389Z] [PRINTER WORKER] 💓 Heartbeat #152
[2026-03-17T07:29:36.397Z] [PRINTER WORKER] 💓 Heartbeat #153
[2026-03-17T07:29:41.404Z] [PRINTER WORKER] 💓 Heartbeat #154
[2026-03-17T07:29:46.406Z] [PRINTER WORKER] 💓 Heartbeat #155
[2026-03-17T07:29:51.409Z] [PRINTER WORKER] 💓 Heartbeat #156
[2026-03-17T07:29:56.410Z] [PRINTER WORKER] 💓 Heartbeat #157
[2026-03-17T07:30:01.424Z] [PRINTER WORKER] 💓 Heartbeat #158
[2026-03-17T07:30:06.432Z] [PRINTER WORKER] 💓 Heartbeat #159
[2026-03-17T07:30:11.441Z] [PRINTER WORKER] 💓 Heartbeat #160
[2026-03-17T07:30:16.445Z] [PRINTER WORKER] 💓 Heartbeat #161
[2026-03-17T07:30:21.447Z] [PRINTER WORKER] 💓 Heartbeat #162
[2026-03-17T07:30:26.448Z] [PRINTER WORKER] 💓 Heartbeat #163
[2026-03-17T07:30:31.461Z] [PRINTER WORKER] 💓 Heartbeat #164
[2026-03-17T07:30:36.476Z] [PRINTER WORKER] 💓 Heartbeat #165
[2026-03-17T07:30:41.482Z] [PRINTER WORKER] 💓 Heartbeat #166
[2026-03-17T07:30:46.487Z] [PRINTER WORKER] 💓 Heartbeat #167
[2026-03-17T07:30:51.489Z] [PRINTER WORKER] 💓 Heartbeat #168
[2026-03-17T07:30:56.498Z] [PRINTER WORKER] 💓 Heartbeat #169
[2026-03-17T07:31:01.508Z] [PRINTER WORKER] 💓 Heartbeat #170
[2026-03-17T07:31:06.520Z] [PRINTER WORKER] 💓 Heartbeat #171
[2026-03-17T07:31:11.525Z] [PRINTER WORKER] 💓 Heartbeat #172
[2026-03-17T07:31:16.532Z] [PRINTER WORKER] 💓 Heartbeat #173
[2026-03-17T07:31:21.545Z] [PRINTER WORKER] 💓 Heartbeat #174
[2026-03-17T07:31:26.546Z] [PRINTER WORKER] 💓 Heartbeat #175
[2026-03-17T07:31:31.547Z] [PRINTER WORKER] 💓 Heartbeat #176
[2026-03-17T07:31:36.547Z] [PRINTER WORKER] 💓 Heartbeat #177
[2026-03-17T07:31:41.558Z] [PRINTER WORKER] 💓 Heartbeat #178
[2026-03-17T07:31:46.559Z] [PRINTER WORKER] 💓 Heartbeat #179
[2026-03-17T07:31:51.566Z] [PRINTER WORKER] 💓 Heartbeat #180
[2026-03-17T07:31:56.577Z] [PRINTER WORKER] 💓 Heartbeat #181
[2026-03-17T07:32:01.585Z] [PRINTER WORKER] 💓 Heartbeat #182
[2026-03-17T07:32:06.585Z] [PRINTER WORKER] 💓 Heartbeat #183
[2026-03-17T07:32:11.586Z] [PRINTER WORKER] 💓 Heartbeat #184
[2026-03-17T07:32:16.598Z] [PRINTER WORKER] 💓 Heartbeat #185
[2026-03-17T07:32:21.599Z] [PRINTER WORKER] 💓 Heartbeat #186
[2026-03-17T07:32:26.608Z] [PRINTER WORKER] 💓 Heartbeat #187
[2026-03-17T07:32:31.614Z] [PRINTER WORKER] 💓 Heartbeat #188
[2026-03-17T07:32:36.623Z] [PRINTER WORKER] 💓 Heartbeat #189
[2026-03-17T07:32:41.624Z] [PRINTER WORKER] 💓 Heartbeat #190
[2026-03-17T07:32:46.626Z] [PRINTER WORKER] 💓 Heartbeat #191
[2026-03-17T07:32:51.637Z] [PRINTER WORKER] 💓 Heartbeat #192
[2026-03-17T07:32:56.641Z] [PRINTER WORKER] 💓 Heartbeat #193
[2026-03-17T07:33:01.643Z] [PRINTER WORKER] 💓 Heartbeat #194
[2026-03-17T07:33:06.653Z] [PRINTER WORKER] 💓 Heartbeat #195
[2026-03-17T07:33:11.654Z] [PRINTER WORKER] 💓 Heartbeat #196
[2026-03-17T07:33:16.665Z] [PRINTER WORKER] 💓 Heartbeat #197
[2026-03-17T07:33:21.677Z] [PRINTER WORKER] 💓 Heartbeat #198
[2026-03-17T07:33:26.691Z] [PRINTER WORKER] 💓 Heartbeat #199
[2026-03-17T07:33:31.703Z] [PRINTER WORKER] 💓 Heartbeat #200
[2026-03-17T07:33:36.718Z] [PRINTER WORKER] 💓 Heartbeat #201
[2026-03-17T07:33:41.731Z] [PRINTER WORKER] 💓 Heartbeat #202
[2026-03-17T07:33:46.743Z] [PRINTER WORKER] 💓 Heartbeat #203
[2026-03-17T07:33:51.757Z] [PRINTER WORKER] 💓 Heartbeat #204
[2026-03-17T07:33:56.758Z] [PRINTER WORKER] 💓 Heartbeat #205
[2026-03-17T07:34:01.770Z] [PRINTER WORKER] 💓 Heartbeat #206
[2026-03-17T07:34:06.780Z] [PRINTER WORKER] 💓 Heartbeat #207
[2026-03-17T07:34:11.786Z] [PRINTER WORKER] 💓 Heartbeat #208
[2026-03-17T07:34:16.798Z] [PRINTER WORKER] 💓 Heartbeat #209
[2026-03-17T07:34:21.803Z] [PRINTER WORKER] 💓 Heartbeat #210
[2026-03-17T07:34:26.815Z] [PRINTER WORKER] 💓 Heartbeat #211
[2026-03-17T07:34:31.820Z] [PRINTER WORKER] 💓 Heartbeat #212
[2026-03-17T07:34:36.830Z] [PRINTER WORKER] 💓 Heartbeat #213
[2026-03-17T07:34:41.842Z] [PRINTER WORKER] 💓 Heartbeat #214
[2026-03-17T07:34:46.850Z] [PRINTER WORKER] 💓 Heartbeat #215
[2026-03-17T07:34:51.863Z] [PRINTER WORKER] 💓 Heartbeat #216
[2026-03-17T07:34:56.865Z] [PRINTER WORKER] 💓 Heartbeat #217
[2026-03-17T07:35:01.870Z] [PRINTER WORKER] 💓 Heartbeat #218
[2026-03-17T07:35:06.884Z] [PRINTER WORKER] 💓 Heartbeat #219
[2026-03-17T07:35:11.897Z] [PRINTER WORKER] 💓 Heartbeat #220
[2026-03-17T07:35:16.903Z] [PRINTER WORKER] 💓 Heartbeat #221
[2026-03-17T07:35:21.915Z] [PRINTER WORKER] 💓 Heartbeat #222
[2026-03-17T07:35:26.925Z] [PRINTER WORKER] 💓 Heartbeat #223
[2026-03-17T07:35:31.940Z] [PRINTER WORKER] 💓 Heartbeat #224
[2026-03-17T07:35:36.946Z] [PRINTER WORKER] 💓 Heartbeat #225
[2026-03-17T07:35:41.960Z] [PRINTER WORKER] 💓 Heartbeat #226
[2026-03-17T07:35:46.960Z] [PRINTER WORKER] 💓 Heartbeat #227
[2026-03-17T07:35:51.967Z] [PRINTER WORKER] 💓 Heartbeat #228
[2026-03-17T07:35:56.977Z] [PRINTER WORKER] 💓 Heartbeat #229
[2026-03-17T07:36:01.992Z] [PRINTER WORKER] 💓 Heartbeat #230
[2026-03-17T07:36:07.000Z] [PRINTER WORKER] 💓 Heartbeat #231
[2026-03-17T07:36:12.012Z] [PRINTER WORKER] 💓 Heartbeat #232
[2026-03-17T07:36:17.025Z] [PRINTER WORKER] 💓 Heartbeat #233
[2026-03-17T07:36:22.036Z] [PRINTER WORKER] 💓 Heartbeat #234
[2026-03-17T07:36:27.045Z] [PRINTER WORKER] 💓 Heartbeat #235
[2026-03-17T07:36:32.059Z] [PRINTER WORKER] 💓 Heartbeat #236
[2026-03-17T07:37:00.490Z] [PRINTER WORKER] 💓 Heartbeat #237
[2026-03-17T07:37:31.136Z] [PRINTER WORKER] 💓 Heartbeat #238
[2026-03-17T07:37:36.145Z] [PRINTER WORKER] 💓 Heartbeat #239
[2026-03-17T07:37:41.153Z] [PRINTER WORKER] 💓 Heartbeat #240
[2026-03-17T07:37:46.155Z] [PRINTER WORKER] 💓 Heartbeat #241
[2026-03-17T07:37:51.217Z] [PRINTER WORKER] 💓 Heartbeat #242
[2026-03-17T07:37:56.226Z] [PRINTER WORKER] 💓 Heartbeat #243
[2026-03-17T07:38:01.229Z] [PRINTER WORKER] 💓 Heartbeat #244
[2026-03-17T07:38:06.240Z] [PRINTER WORKER] 💓 Heartbeat #245
[2026-03-17T07:38:11.243Z] [PRINTER WORKER] 💓 Heartbeat #246
[2026-03-17T07:38:16.248Z] [PRINTER WORKER] 💓 Heartbeat #247
[2026-03-17T07:38:21.256Z] [PRINTER WORKER] 💓 Heartbeat #248
[2026-03-17T07:38:26.261Z] [PRINTER WORKER] 💓 Heartbeat #249
[2026-03-17T07:38:31.264Z] [PRINTER WORKER] 💓 Heartbeat #250
[2026-03-17T07:38:36.278Z] [PRINTER WORKER] 💓 Heartbeat #251
[2026-03-17T07:38:41.283Z] [PRINTER WORKER] 💓 Heartbeat #252
[2026-03-17T07:38:46.293Z] [PRINTER WORKER] 💓 Heartbeat #253
[2026-03-17T07:38:51.303Z] [PRINTER WORKER] 💓 Heartbeat #254
[2026-03-17T07:38:56.318Z] [PRINTER WORKER] 💓 Heartbeat #255
[2026-03-17T07:39:01.325Z] [PRINTER WORKER] 💓 Heartbeat #256
[2026-03-17T07:39:06.329Z] [PRINTER WORKER] 💓 Heartbeat #257
[2026-03-17T07:39:11.338Z] [PRINTER WORKER] 💓 Heartbeat #258
[2026-03-17T07:39:16.347Z] [PRINTER WORKER] 💓 Heartbeat #259
[2026-03-17T07:39:21.355Z] [PRINTER WORKER] 💓 Heartbeat #260
[2026-03-17T07:39:26.356Z] [PRINTER WORKER] 💓 Heartbeat #261
[2026-03-17T07:39:31.367Z] [PRINTER WORKER] 💓 Heartbeat #262
[2026-03-17T07:39:36.369Z] [PRINTER WORKER] 💓 Heartbeat #263
[2026-03-17T07:39:41.375Z] [PRINTER WORKER] 💓 Heartbeat #264
[2026-03-17T07:39:46.379Z] [PRINTER WORKER] 💓 Heartbeat #265
[2026-03-17T07:39:51.380Z] [PRINTER WORKER] 💓 Heartbeat #266
[2026-03-17T07:39:56.383Z] [PRINTER WORKER] 💓 Heartbeat #267
[2026-03-17T07:40:01.384Z] [PRINTER WORKER] 💓 Heartbeat #268
[2026-03-17T07:40:06.385Z] [PRINTER WORKER] 💓 Heartbeat #269
[2026-03-17T07:40:11.392Z] [PRINTER WORKER] 💓 Heartbeat #270
[2026-03-17T07:40:16.399Z] [PRINTER WORKER] 💓 Heartbeat #271
[2026-03-17T07:40:21.403Z] [PRINTER WORKER] 💓 Heartbeat #272
[2026-03-17T07:40:26.412Z] [PRINTER WORKER] 💓 Heartbeat #273
[2026-03-17T07:40:31.448Z] [PRINTER WORKER] 💓 Heartbeat #274
[2026-03-17T07:40:36.454Z] [PRINTER WORKER] 💓 Heartbeat #275
[2026-03-17T07:40:41.460Z] [PRINTER WORKER] 💓 Heartbeat #276
[2026-03-17T07:40:46.471Z] [PRINTER WORKER] 💓 Heartbeat #277
[2026-03-17T07:40:51.472Z] [PRINTER WORKER] 💓 Heartbeat #278
[2026-03-17T07:40:56.473Z] [PRINTER WORKER] 💓 Heartbeat #279
[2026-03-17T07:41:01.477Z] [PRINTER WORKER] 💓 Heartbeat #280
[2026-03-17T07:41:06.489Z] [PRINTER WORKER] 💓 Heartbeat #281
[2026-03-17T07:41:11.499Z] [PRINTER WORKER] 💓 Heartbeat #282
[2026-03-17T07:41:16.512Z] [PRINTER WORKER] 💓 Heartbeat #283
[2026-03-17T07:41:21.515Z] [PRINTER WORKER] 💓 Heartbeat #284
[2026-03-17T07:41:26.522Z] [PRINTER WORKER] 💓 Heartbeat #285
[2026-03-17T07:41:31.529Z] [PRINTER WORKER] 💓 Heartbeat #286
[2026-03-17T07:41:36.541Z] [PRINTER WORKER] 💓 Heartbeat #287
[2026-03-17T07:41:41.551Z] [PRINTER WORKER] 💓 Heartbeat #288
[2026-03-17T07:41:46.556Z] [PRINTER WORKER] 💓 Heartbeat #289
[2026-03-17T07:41:51.562Z] [PRINTER WORKER] 💓 Heartbeat #290
[2026-03-17T07:41:56.572Z] [PRINTER WORKER] 💓 Heartbeat #291
[2026-03-17T07:42:01.572Z] [PRINTER WORKER] 💓 Heartbeat #292
[2026-03-17T07:42:06.575Z] [PRINTER WORKER] 💓 Heartbeat #293
[2026-03-17T07:42:11.589Z] [PRINTER WORKER] 💓 Heartbeat #294
[2026-03-17T07:42:16.593Z] [PRINTER WORKER] 💓 Heartbeat #295
[2026-03-17T07:42:21.607Z] [PRINTER WORKER] 💓 Heartbeat #296
[2026-03-17T07:42:26.620Z] [PRINTER WORKER] 💓 Heartbeat #297
[2026-03-17T07:42:31.623Z] [PRINTER WORKER] 💓 Heartbeat #298
[2026-03-17T07:42:36.636Z] [PRINTER WORKER] 💓 Heartbeat #299
[2026-03-17T07:42:41.645Z] [PRINTER WORKER] 💓 Heartbeat #300
[2026-03-17T07:42:46.659Z] [PRINTER WORKER] 💓 Heartbeat #301
[2026-03-17T07:42:51.670Z] [PRINTER WORKER] 💓 Heartbeat #302
[2026-03-17T07:42:56.670Z] [PRINTER WORKER] 💓 Heartbeat #303
[2026-03-17T07:43:01.671Z] [PRINTER WORKER] 💓 Heartbeat #304
[2026-03-17T07:43:06.682Z] [PRINTER WORKER] 💓 Heartbeat #305
[2026-03-17T07:43:11.683Z] [PRINTER WORKER] 💓 Heartbeat #306
[2026-03-17T07:43:16.685Z] [PRINTER WORKER] 💓 Heartbeat #307
[2026-03-17T07:43:21.700Z] [PRINTER WORKER] 💓 Heartbeat #308
[2026-03-17T07:43:26.710Z] [PRINTER WORKER] 💓 Heartbeat #309
[2026-03-17T07:43:31.716Z] [PRINTER WORKER] 💓 Heartbeat #310
[2026-03-17T07:43:36.717Z] [PRINTER WORKER] 💓 Heartbeat #311
[2026-03-17T07:43:41.718Z] [PRINTER WORKER] 💓 Heartbeat #312
[2026-03-17T07:43:46.723Z] [PRINTER WORKER] 💓 Heartbeat #313
[2026-03-17T07:43:51.724Z] [PRINTER WORKER] 💓 Heartbeat #314
[2026-03-17T07:43:56.725Z] [PRINTER WORKER] 💓 Heartbeat #315
[2026-03-17T07:44:01.733Z] [PRINTER WORKER] 💓 Heartbeat #316
[2026-03-17T07:44:06.735Z] [PRINTER WORKER] 💓 Heartbeat #317
[2026-03-17T07:44:11.739Z] [PRINTER WORKER] 💓 Heartbeat #318
[2026-03-17T07:44:16.741Z] [PRINTER WORKER] 💓 Heartbeat #319
[2026-03-17T07:44:21.748Z] [PRINTER WORKER] 💓 Heartbeat #320
[2026-03-17T07:44:26.753Z] [PRINTER WORKER] 💓 Heartbeat #321
[2026-03-17T07:44:31.760Z] [PRINTER WORKER] 💓 Heartbeat #322
[2026-03-17T07:44:36.761Z] [PRINTER WORKER] 💓 Heartbeat #323
[2026-03-17T07:44:41.768Z] [PRINTER WORKER] 💓 Heartbeat #324
[2026-03-17T07:44:46.778Z] [PRINTER WORKER] 💓 Heartbeat #325
[2026-03-17T07:44:51.785Z] [PRINTER WORKER] 💓 Heartbeat #326
[2026-03-17T07:44:56.789Z] [PRINTER WORKER] 💓 Heartbeat #327
[2026-03-17T07:45:01.797Z] [PRINTER WORKER] 💓 Heartbeat #328
[2026-03-17T07:45:06.801Z] [PRINTER WORKER] 💓 Heartbeat #329
[2026-03-17T07:45:11.804Z] [PRINTER WORKER] 💓 Heartbeat #330
[2026-03-17T07:45:16.818Z] [PRINTER WORKER] 💓 Heartbeat #331
[2026-03-17T07:45:21.820Z] [PRINTER WORKER] 💓 Heartbeat #332
[2026-03-17T07:45:26.833Z] [PRINTER WORKER] 💓 Heartbeat #333
[2026-03-17T07:45:31.839Z] [PRINTER WORKER] 💓 Heartbeat #334
[2026-03-17T07:45:36.841Z] [PRINTER WORKER] 💓 Heartbeat #335
[2026-03-17T07:45:41.845Z] [PRINTER WORKER] 💓 Heartbeat #336
[2026-03-17T07:45:46.850Z] [PRINTER WORKER] 💓 Heartbeat #337
[2026-03-17T07:45:51.858Z] [PRINTER WORKER] 💓 Heartbeat #338
[2026-03-17T07:45:56.868Z] [PRINTER WORKER] 💓 Heartbeat #339
[2026-03-17T07:46:01.868Z] [PRINTER WORKER] 💓 Heartbeat #340
[2026-03-17T07:46:06.873Z] [PRINTER WORKER] 💓 Heartbeat #341
[2026-03-17T07:46:11.881Z] [PRINTER WORKER] 💓 Heartbeat #342
[2026-03-17T07:46:16.882Z] [PRINTER WORKER] 💓 Heartbeat #343
[2026-03-17T07:46:21.887Z] [PRINTER WORKER] 💓 Heartbeat #344
[2026-03-17T07:46:26.891Z] [PRINTER WORKER] 💓 Heartbeat #345
[2026-03-17T07:46:31.903Z] [PRINTER WORKER] 💓 Heartbeat #346
[2026-03-17T07:46:36.914Z] [PRINTER WORKER] 💓 Heartbeat #347
[2026-03-17T07:46:41.919Z] [PRINTER WORKER] 💓 Heartbeat #348
[2026-03-17T07:46:46.928Z] [PRINTER WORKER] 💓 Heartbeat #349
[2026-03-17T07:46:51.932Z] [PRINTER WORKER] 💓 Heartbeat #350
[2026-03-17T07:46:56.935Z] [PRINTER WORKER] 💓 Heartbeat #351
[2026-03-17T07:47:01.948Z] [PRINTER WORKER] 💓 Heartbeat #352
[2026-03-17T07:47:06.956Z] [PRINTER WORKER] 💓 Heartbeat #353
[2026-03-17T07:47:11.961Z] [PRINTER WORKER] 💓 Heartbeat #354
[2026-03-17T07:47:16.967Z] [PRINTER WORKER] 💓 Heartbeat #355
[2026-03-17T07:47:21.982Z] [PRINTER WORKER] 💓 Heartbeat #356
[2026-03-17T07:47:26.995Z] [PRINTER WORKER] 💓 Heartbeat #357
[2026-03-17T07:47:32.009Z] [PRINTER WORKER] 💓 Heartbeat #358
[2026-03-17T07:47:37.015Z] [PRINTER WORKER] 💓 Heartbeat #359
[2026-03-17T07:47:42.029Z] [PRINTER WORKER] 💓 Heartbeat #360
[2026-03-17T07:47:47.033Z] [PRINTER WORKER] 💓 Heartbeat #361
[2026-03-17T07:47:52.037Z] [PRINTER WORKER] 💓 Heartbeat #362
[2026-03-17T07:47:57.043Z] [PRINTER WORKER] 💓 Heartbeat #363
[2026-03-17T07:48:02.045Z] [PRINTER WORKER] 💓 Heartbeat #364
[2026-03-17T07:48:07.055Z] [PRINTER WORKER] 💓 Heartbeat #365
[2026-03-17T07:48:12.056Z] [PRINTER WORKER] 💓 Heartbeat #366
[2026-03-17T07:48:17.067Z] [PRINTER WORKER] 💓 Heartbeat #367
[2026-03-17T07:48:22.076Z] [PRINTER WORKER] 💓 Heartbeat #368
[2026-03-17T07:48:27.085Z] [PRINTER WORKER] 💓 Heartbeat #369
[2026-03-17T07:48:32.089Z] [PRINTER WORKER] 💓 Heartbeat #370
[2026-03-17T07:48:37.090Z] [PRINTER WORKER] 💓 Heartbeat #371
[2026-03-17T07:48:42.106Z] [PRINTER WORKER] 💓 Heartbeat #372
[2026-03-17T07:48:47.107Z] [PRINTER WORKER] 💓 Heartbeat #373
[2026-03-17T07:48:52.115Z] [PRINTER WORKER] 💓 Heartbeat #374
[2026-03-17T07:48:57.125Z] [PRINTER WORKER] 💓 Heartbeat #375
[2026-03-17T07:49:02.133Z] [PRINTER WORKER] 💓 Heartbeat #376
[2026-03-17T07:49:07.146Z] [PRINTER WORKER] 💓 Heartbeat #377
[2026-03-17T07:49:12.156Z] [PRINTER WORKER] 💓 Heartbeat #378
[2026-03-17T07:49:17.169Z] [PRINTER WORKER] 💓 Heartbeat #379
[2026-03-17T07:49:22.180Z] [PRINTER WORKER] 💓 Heartbeat #380
[2026-03-17T07:49:27.194Z] [PRINTER WORKER] 💓 Heartbeat #381
[2026-03-17T07:49:32.199Z] [PRINTER WORKER] 💓 Heartbeat #382
[2026-03-17T07:49:37.212Z] [PRINTER WORKER] 💓 Heartbeat #383
[2026-03-17T07:49:42.215Z] [PRINTER WORKER] 💓 Heartbeat #384
[2026-03-17T07:49:47.228Z] [PRINTER WORKER] 💓 Heartbeat #385
[2026-03-17T07:49:52.229Z] [PRINTER WORKER] 💓 Heartbeat #386
[2026-03-17T07:49:57.237Z] [PRINTER WORKER] 💓 Heartbeat #387
[2026-03-17T07:50:02.237Z] [PRINTER WORKER] 💓 Heartbeat #388
[2026-03-17T07:50:07.252Z] [PRINTER WORKER] 💓 Heartbeat #389
[2026-03-17T07:50:12.260Z] [PRINTER WORKER] 💓 Heartbeat #390
[2026-03-17T07:50:17.275Z] [PRINTER WORKER] 💓 Heartbeat #391
[2026-03-17T07:50:22.277Z] [PRINTER WORKER] 💓 Heartbeat #392
[2026-03-17T07:50:27.279Z] [PRINTER WORKER] 💓 Heartbeat #393
[2026-03-17T07:50:32.281Z] [PRINTER WORKER] 💓 Heartbeat #394
[2026-03-17T07:50:37.296Z] [PRINTER WORKER] 💓 Heartbeat #395
[2026-03-17T07:50:42.310Z] [PRINTER WORKER] 💓 Heartbeat #396
[2026-03-17T07:50:47.315Z] [PRINTER WORKER] 💓 Heartbeat #397
[2026-03-17T07:50:52.327Z] [PRINTER WORKER] 💓 Heartbeat #398
[2026-03-17T07:50:57.336Z] [PRINTER WORKER] 💓 Heartbeat #399
[2026-03-17T07:51:02.347Z] [PRINTER WORKER] 💓 Heartbeat #400
[2026-03-17T07:51:07.357Z] [PRINTER WORKER] 💓 Heartbeat #401
[2026-03-17T07:51:12.359Z] [PRINTER WORKER] 💓 Heartbeat #402
[2026-03-17T07:51:17.365Z] [PRINTER WORKER] 💓 Heartbeat #403
[2026-03-17T07:51:22.374Z] [PRINTER WORKER] 💓 Heartbeat #404
[2026-03-17T07:51:27.377Z] [PRINTER WORKER] 💓 Heartbeat #405
[2026-03-17T07:51:32.380Z] [PRINTER WORKER] 💓 Heartbeat #406
[2026-03-17T07:51:37.387Z] [PRINTER WORKER] 💓 Heartbeat #407
[2026-03-17T07:51:42.397Z] [PRINTER WORKER] 💓 Heartbeat #408
[2026-03-17T07:51:47.407Z] [PRINTER WORKER] 💓 Heartbeat #409
[2026-03-17T07:51:52.411Z] [PRINTER WORKER] 💓 Heartbeat #410
[2026-03-17T07:51:57.417Z] [PRINTER WORKER] 💓 Heartbeat #411
[2026-03-17T07:52:02.430Z] [PRINTER WORKER] 💓 Heartbeat #412
[2026-03-17T07:52:07.437Z] [PRINTER WORKER] 💓 Heartbeat #413
[2026-03-17T07:52:12.445Z] [PRINTER WORKER] 💓 Heartbeat #414
[2026-03-17T07:52:17.446Z] [PRINTER WORKER] 💓 Heartbeat #415
[2026-03-17T07:52:22.452Z] [PRINTER WORKER] 💓 Heartbeat #416
[2026-03-17T07:52:27.459Z] [PRINTER WORKER] 💓 Heartbeat #417
[2026-03-17T07:52:32.460Z] [PRINTER WORKER] 💓 Heartbeat #418
[2026-03-17T07:52:37.460Z] [PRINTER WORKER] 💓 Heartbeat #419
[2026-03-17T07:52:42.473Z] [PRINTER WORKER] 💓 Heartbeat #420
[2026-03-17T07:52:47.476Z] [PRINTER WORKER] 💓 Heartbeat #421
[2026-03-17T07:52:52.480Z] [PRINTER WORKER] 💓 Heartbeat #422
[2026-03-17T07:52:57.483Z] [PRINTER WORKER] 💓 Heartbeat #423
[2026-03-17T07:53:02.499Z] [PRINTER WORKER] 💓 Heartbeat #424
[2026-03-17T07:53:07.510Z] [PRINTER WORKER] 💓 Heartbeat #425
[2026-03-17T07:53:12.516Z] [PRINTER WORKER] 💓 Heartbeat #426
[2026-03-17T07:53:17.519Z] [PRINTER WORKER] 💓 Heartbeat #427
[2026-03-17T07:53:22.522Z] [PRINTER WORKER] 💓 Heartbeat #428
[2026-03-17T07:53:27.531Z] [PRINTER WORKER] 💓 Heartbeat #429
[2026-03-17T07:53:32.536Z] [PRINTER WORKER] 💓 Heartbeat #430
[2026-03-17T07:53:37.544Z] [PRINTER WORKER] 💓 Heartbeat #431
[2026-03-17T07:53:42.545Z] [PRINTER WORKER] 💓 Heartbeat #432
[2026-03-17T07:53:47.555Z] [PRINTER WORKER] 💓 Heartbeat #433
[2026-03-17T07:53:52.556Z] [PRINTER WORKER] 💓 Heartbeat #434
[2026-03-17T07:53:57.562Z] [PRINTER WORKER] 💓 Heartbeat #435
[2026-03-17T07:54:02.572Z] [PRINTER WORKER] 💓 Heartbeat #436
[2026-03-17T07:54:07.580Z] [PRINTER WORKER] 💓 Heartbeat #437
[2026-03-17T07:54:12.582Z] [PRINTER WORKER] 💓 Heartbeat #438
[2026-03-17T07:54:17.590Z] [PRINTER WORKER] 💓 Heartbeat #439
[2026-03-17T07:54:22.599Z] [PRINTER WORKER] 💓 Heartbeat #440
[2026-03-17T07:54:27.609Z] [PRINTER WORKER] 💓 Heartbeat #441
[2026-03-17T07:54:32.613Z] [PRINTER WORKER] 💓 Heartbeat #442
[2026-03-17T07:54:37.614Z] [PRINTER WORKER] 💓 Heartbeat #443
[2026-03-17T07:54:42.629Z] [PRINTER WORKER] 💓 Heartbeat #444
[2026-03-17T07:54:47.635Z] [PRINTER WORKER] 💓 Heartbeat #445
[2026-03-17T07:54:52.644Z] [PRINTER WORKER] 💓 Heartbeat #446
[2026-03-17T07:54:57.647Z] [PRINTER WORKER] 💓 Heartbeat #447
[2026-03-17T07:55:02.653Z] [PRINTER WORKER] 💓 Heartbeat #448
[2026-03-17T07:55:07.665Z] [PRINTER WORKER] 💓 Heartbeat #449
[2026-03-17T07:55:12.667Z] [PRINTER WORKER] 💓 Heartbeat #450
[2026-03-17T07:55:17.680Z] [PRINTER WORKER] 💓 Heartbeat #451
[2026-03-17T07:55:22.686Z] [PRINTER WORKER] 💓 Heartbeat #452
[2026-03-17T07:55:27.695Z] [PRINTER WORKER] 💓 Heartbeat #453
[2026-03-17T07:55:32.707Z] [PRINTER WORKER] 💓 Heartbeat #454
[2026-03-17T07:55:37.708Z] [PRINTER WORKER] 💓 Heartbeat #455
[2026-03-17T07:55:42.719Z] [PRINTER WORKER] 💓 Heartbeat #456
[2026-03-17T07:55:47.725Z] [PRINTER WORKER] 💓 Heartbeat #457
[2026-03-17T07:55:52.733Z] [PRINTER WORKER] 💓 Heartbeat #458
[2026-03-17T07:55:57.744Z] [PRINTER WORKER] 💓 Heartbeat #459
[2026-03-17T07:56:02.746Z] [PRINTER WORKER] 💓 Heartbeat #460
[2026-03-17T07:56:07.750Z] [PRINTER WORKER] 💓 Heartbeat #461
[2026-03-17T07:56:12.765Z] [PRINTER WORKER] 💓 Heartbeat #462
[2026-03-17T07:56:17.779Z] [PRINTER WORKER] 💓 Heartbeat #463
[2026-03-17T07:56:22.787Z] [PRINTER WORKER] 💓 Heartbeat #464
[2026-03-17T07:56:27.802Z] [PRINTER WORKER] 💓 Heartbeat #465
[2026-03-17T07:56:32.808Z] [PRINTER WORKER] 💓 Heartbeat #466
[2026-03-17T07:56:37.811Z] [PRINTER WORKER] 💓 Heartbeat #467
[2026-03-17T07:56:42.825Z] [PRINTER WORKER] 💓 Heartbeat #468
[2026-03-17T07:56:47.833Z] [PRINTER WORKER] 💓 Heartbeat #469
[2026-03-17T07:56:52.849Z] [PRINTER WORKER] 💓 Heartbeat #470
[2026-03-17T07:56:57.853Z] [PRINTER WORKER] 💓 Heartbeat #471
[2026-03-17T07:57:02.856Z] [PRINTER WORKER] 💓 Heartbeat #472
[2026-03-17T07:57:07.858Z] [PRINTER WORKER] 💓 Heartbeat #473
[2026-03-17T07:57:12.860Z] [PRINTER WORKER] 💓 Heartbeat #474
[2026-03-17T07:57:17.869Z] [PRINTER WORKER] 💓 Heartbeat #475
[2026-03-17T07:57:22.879Z] [PRINTER WORKER] 💓 Heartbeat #476
[2026-03-17T07:57:27.880Z] [PRINTER WORKER] 💓 Heartbeat #477
[2026-03-17T07:57:32.886Z] [PRINTER WORKER] 💓 Heartbeat #478
[2026-03-17T07:57:37.886Z] [PRINTER WORKER] 💓 Heartbeat #479
[2026-03-17T07:57:42.900Z] [PRINTER WORKER] 💓 Heartbeat #480
[2026-03-17T07:57:47.906Z] [PRINTER WORKER] 💓 Heartbeat #481
[2026-03-17T07:57:52.909Z] [PRINTER WORKER] 💓 Heartbeat #482
[2026-03-17T07:57:57.911Z] [PRINTER WORKER] 💓 Heartbeat #483
[2026-03-17T07:58:02.918Z] [PRINTER WORKER] 💓 Heartbeat #484
[2026-03-17T07:58:07.924Z] [PRINTER WORKER] 💓 Heartbeat #485
[2026-03-17T07:58:12.934Z] [PRINTER WORKER] 💓 Heartbeat #486
[2026-03-17T07:58:17.943Z] [PRINTER WORKER] 💓 Heartbeat #487
[2026-03-17T07:58:22.944Z] [PRINTER WORKER] 💓 Heartbeat #488
[2026-03-17T07:58:27.948Z] [PRINTER WORKER] 💓 Heartbeat #489
[2026-03-17T07:58:32.954Z] [PRINTER WORKER] 💓 Heartbeat #490
[2026-03-17T07:58:37.960Z] [PRINTER WORKER] 💓 Heartbeat #491
[2026-03-17T07:58:42.962Z] [PRINTER WORKER] 💓 Heartbeat #492
[2026-03-17T07:58:47.975Z] [PRINTER WORKER] 💓 Heartbeat #493
[2026-03-17T07:58:53.084Z] [PRINTER WORKER] 💓 Heartbeat #494
[2026-03-17T07:58:58.097Z] [PRINTER WORKER] 💓 Heartbeat #495
[2026-03-17T07:59:03.107Z] [PRINTER WORKER] 💓 Heartbeat #496
[2026-03-17T07:59:08.119Z] [PRINTER WORKER] 💓 Heartbeat #497
[2026-03-17T07:59:13.123Z] [PRINTER WORKER] 💓 Heartbeat #498
[2026-03-17T07:59:18.136Z] [PRINTER WORKER] 💓 Heartbeat #499
[2026-03-17T07:59:23.150Z] [PRINTER WORKER] 💓 Heartbeat #500
[2026-03-17T07:59:28.150Z] [PRINTER WORKER] 💓 Heartbeat #501
[2026-03-17T07:59:33.155Z] [PRINTER WORKER] 💓 Heartbeat #502
[2026-03-17T07:59:38.162Z] [PRINTER WORKER] 💓 Heartbeat #503
[2026-03-17T07:59:43.177Z] [PRINTER WORKER] 💓 Heartbeat #504
[2026-03-17T07:59:48.179Z] [PRINTER WORKER] 💓 Heartbeat #505
[2026-03-17T07:59:53.184Z] [PRINTER WORKER] 💓 Heartbeat #506
[2026-03-17T07:59:58.192Z] [PRINTER WORKER] 💓 Heartbeat #507
[2026-03-17T08:00:03.198Z] [PRINTER WORKER] 💓 Heartbeat #508
[2026-03-17T08:00:08.203Z] [PRINTER WORKER] 💓 Heartbeat #509
[2026-03-17T08:00:13.211Z] [PRINTER WORKER] 💓 Heartbeat #510
[2026-03-17T08:00:18.222Z] [PRINTER WORKER] 💓 Heartbeat #511
[2026-03-17T08:00:23.226Z] [PRINTER WORKER] 💓 Heartbeat #512
[2026-03-17T08:00:28.226Z] [PRINTER WORKER] 💓 Heartbeat #513
[2026-03-17T08:00:33.231Z] [PRINTER WORKER] 💓 Heartbeat #514
[2026-03-17T08:00:38.233Z] [PRINTER WORKER] 💓 Heartbeat #515
[2026-03-17T08:00:43.244Z] [PRINTER WORKER] 💓 Heartbeat #516
[2026-03-17T08:00:48.251Z] [PRINTER WORKER] 💓 Heartbeat #517
[2026-03-17T08:00:53.258Z] [PRINTER WORKER] 💓 Heartbeat #518
[2026-03-17T08:00:58.260Z] [PRINTER WORKER] 💓 Heartbeat #519
[2026-03-17T08:01:03.274Z] [PRINTER WORKER] 💓 Heartbeat #520
[2026-03-17T08:01:08.286Z] [PRINTER WORKER] 💓 Heartbeat #521
[2026-03-17T08:01:13.299Z] [PRINTER WORKER] 💓 Heartbeat #522
[2026-03-17T08:01:18.309Z] [PRINTER WORKER] 💓 Heartbeat #523
[2026-03-17T08:01:23.321Z] [PRINTER WORKER] 💓 Heartbeat #524
[2026-03-17T08:01:28.326Z] [PRINTER WORKER] 💓 Heartbeat #525
[2026-03-17T08:01:33.341Z] [PRINTER WORKER] 💓 Heartbeat #526
[2026-03-17T08:01:38.344Z] [PRINTER WORKER] 💓 Heartbeat #527
[2026-03-17T08:01:43.356Z] [PRINTER WORKER] 💓 Heartbeat #528
